prisma:error 
Invalid `prisma.user.count()` invocation in
/Users/eputnam/.mhm-worktrees/funnel-2026-09-26-32072/scripts/agents/funnel-scoreboard.ts:436:40

  433   creatorProfiles, modSubmissions, mods, collections,
  434   newMods7d, newModsPrior7d, submissions7d,
  435 ] = await Promise.all([
→ 436   prisma.user.count(
Can't reach database server at `db.prisma.io:5432`

Please make sure your database server is running at `db.prisma.io:5432`.
prisma:error 
Invalid `subs.count()` invocation in
/Users/eputnam/.mhm-worktrees/funnel-2026-09-26-32072/scripts/agents/funnel-scoreboard.ts:437:12

  434   newMods7d, newModsPrior7d, submissions7d,
  435 ] = await Promise.all([
  436   prisma.user.count(), prisma.user.count({ where: { createdAt: { gte: d7 } } }), prisma.user.count({ where: { createdAt: { gte: d30 } } }),
→ 437   subs.count(
Can't reach database server at `db.prisma.io:5432`

Please make sure your database server is running at `db.prisma.io:5432`.
prisma:error 
Invalid `prisma.favorite.count()` invocation in
/Users/eputnam/.mhm-worktrees/funnel-2026-09-26-32072/scripts/agents/funnel-scoreboard.ts:439:23

  436 prisma.user.count(), prisma.user.count({ where: { createdAt: { gte: d7 } } }), prisma.user.count({ where: { createdAt: { gte: d30 } } }),
  437 subs.count(), subs.count({ where: { createdAt: { gte: d7 } } }), subs.count({ where: { createdAt: { gte: d30 } } }),
  438 subs.groupBy({ by: ['source'], _count: { _all: true } }),
→ 439 prisma.favorite.count(
Can't reach database server at `db.prisma.io:5432`

Please make sure your database server is running at `db.prisma.io:5432`.
prisma:error 
Invalid `prisma.downloadClick.count()` invocation in
/Users/eputnam/.mhm-worktrees/funnel-2026-09-26-32072/scripts/agents/funnel-scoreboard.ts:440:28

  437 subs.count(), subs.count({ where: { createdAt: { gte: d7 } } }), subs.count({ where: { createdAt: { gte: d30 } } }),
  438 subs.groupBy({ by: ['source'], _count: { _all: true } }),
  439 prisma.favorite.count(), prisma.favorite.count({ where: { createdAt: { gte: d7 } } }),
→ 440 prisma.downloadClick.count(
Can't reach database server at `db.prisma.io:5432`

Please make sure your database server is running at `db.prisma.io:5432`.
prisma:error 
Invalid `prisma.creatorProfile.count()` invocation in
/Users/eputnam/.mhm-worktrees/funnel-2026-09-26-32072/scripts/agents/funnel-scoreboard.ts:443:29

  440 prisma.downloadClick.count({ where: { clickedAt: { gte: d7 } } }), prisma.downloadClick.count({ where: { clickedAt: { gte: d30 } } }),
  441 prisma.affiliateClick.count({ where: { clickedAt: { gte: d7 } } }), prisma.affiliateClick.count({ where: { clickedAt: { gte: d30 } } }),
  442 prisma.affiliateEarning.aggregate({ _sum: { commissionAmount: true } }).catch(() => ({ _sum: { commissionAmount: null } })),
→ 443 prisma.creatorProfile.count(
Can't reach database server at `db.prisma.io:5432`

Please make sure your database server is running at `db.prisma.io:5432`.
prisma:error 
Invalid `prisma.creatorProfile.count()` invocation in
/Users/eputnam/.mhm-worktrees/funnel-2026-09-26-32072/scripts/agents/funnel-scoreboard.ts:443:79

  440 prisma.downloadClick.count({ where: { clickedAt: { gte: d7 } } }), prisma.downloadClick.count({ where: { clickedAt: { gte: d30 } } }),
  441 prisma.affiliateClick.count({ where: { clickedAt: { gte: d7 } } }), prisma.affiliateClick.count({ where: { clickedAt: { gte: d30 } } }),
  442 prisma.affiliateEarning.aggregate({ _sum: { commissionAmount: true } }).catch(() => ({ _sum: { commissionAmount: null } })),
→ 443 prisma.creatorProfile.count(
Can't reach database server at `db.prisma.io:5432`

Please make sure your database server is running at `db.prisma.io:5432`.
prisma:error 
Invalid `prisma.mod.count()` invocation in
/Users/eputnam/.mhm-worktrees/funnel-2026-09-26-32072/scripts/agents/funnel-scoreboard.ts:444:18

  441 prisma.affiliateClick.count({ where: { clickedAt: { gte: d7 } } }), prisma.affiliateClick.count({ where: { clickedAt: { gte: d30 } } }),
  442 prisma.affiliateEarning.aggregate({ _sum: { commissionAmount: true } }).catch(() => ({ _sum: { commissionAmount: null } })),
  443 prisma.creatorProfile.count(), prisma.modSubmission.count(), prisma.mod.count(), prisma.collection.count(),
→ 444 prisma.mod.count(
Can't reach database server at `db.prisma.io:5432`

Please make sure your database server is running at `db.prisma.io:5432`.
prisma:error 
Invalid `prisma.user.count()` invocation in
/Users/eputnam/.mhm-worktrees/funnel-2026-09-26-32072/scripts/agents/funnel-scoreboard.ts:610:19

  607 try {
  608   const [linked, premiumUsers] = await Promise.all([
  609     prisma.account.findMany({ where: { provider: 'patreon' }, select: { providerAccountId: true, user: { select: { email: true } } } }),
→ 610     prisma.user.count(
Can't reach database server at `db.prisma.io:5432`

Please make sure your database server is running at `db.prisma.io:5432`.
# Funnel scoreboard — 2026-09-26

**Headline:** owned-audience adds 7d **?** (target 120/wk) · non-ad revenue **$0.00/mo gross** (target $200.00) · Mediavine 28d **$5,914.81** (+5.8% vs prior)

## Flags

- 🟡 Pinner: liveness unverified — Pinterest API unavailable; newest posted row is dated 2026-09-26 (scheduled date, not a posting timestamp) (terminated)
- 🟡 Patreon Members API unavailable: 
Invalid `prisma.user.count()` invocation in
/Users/eputnam/.mhm-worktrees/funnel-2026-09-26-32072/scripts/agents/funnel-scoreboard.ts:610:19

  607 try {
  608   const [linked, premiumUsers] = await  — E40 / Q4 gate numbers missing today

## Audience (GA4 2026-09-18→2026-09-24 vs 2026-09-11→2026-09-17)

| Channel | 7d | prev 7d | Δ |
|---|--:|--:|--:|
| **All sessions** | 89,752 | 85,397 | +5.1% |
| pinterest | 59,330 | 55,318 | +7.3% |
| bing_organic | 16,284 | 16,042 | +1.5% |
| direct | 5,230 | 4,963 | +5.4% |
| google_organic | 2,753 | 2,759 | -0.2% |
| other_search | 2,620 | 2,622 | -0.1% |
| other | 1,965 | 2,090 | -6.0% |
| tumblr | 1,099 | 1,047 | +5.0% |
| ai_referral | 274 | 329 | -16.7% |
| reddit | 197 | 227 | -13.2% |

- (not set) landing sessions 7d: 3,816 (suspected bot/tag noise)
- Capture events 7d: patreon_click=56, sign_up=21, newsletter_signup=9, affiliate_click=7, favorite=3, patreon_click_after_wait=2

## Search (GSC 2026-08-27→2026-09-23)

- Clicks 28d: **2,482** (+22.9% vs prior 28d) · impressions 91,414

## Ad revenue (Mediavine, anchored 2026-09-24)

| Window | Revenue | Δ | Session RPM | Sessions |
|---|--:|--:|--:|--:|
| 7d | $1,533.33 | +2.9% | $17.34 (prev $17.24) | 88,442 |
| 28d | $5,914.81 | +5.8% | $16.74 | |

- Health: date=2026/09/26 · ads_txt=ok · privacy_policy=ok

## Owned audience & engagement (production DB)

_unavailable: 
Invalid `prisma.user.count()` invocation in
/Users/eputnam/.mhm-worktrees/funnel-2026-09-26-32072/scripts/agents/funnel-scoreboard.ts:436:40

  433   creatorProfiles, modSubmissions, mods, collection_

## Patreon (public page)

_unavailable: terminated_

## Patreon (Members API + site accounts) — E40 read 2026-09-19 · Q4 gate 2026-09-22

_unavailable: 
Invalid `prisma.user.count()` invocation in
/Users/eputnam/.mhm-worktrees/funnel-2026-09-26-32072/scripts/agents/funnel-scoreboard.ts:610:19

  607 try {
  608   const [linked, premiumUsers] = await _

## Content & distribution pipelines

- Blog posts: 6 in 7d, 22 in 30d · latest: 2026-09-26 sims-4-cottage-houses
- Pinner: liveness unverified — Pinterest API unavailable; newest posted row is dated 2026-09-26 (scheduled date, not a posting timestamp) · 249 posted rows dated in the last 7d (queue proxy) · **inventory 63 rows dated through +14d (0 still schedulable today); runway not computable — rate unknown** · 1630 stranded before the poster's 14d window, 1693 unposted total, 8,571 posted rows all-time
  - queue `Post Date` is the scheduled date, not a posting timestamp — newest posted row is dated 2026-09-26; do not read it as staleness. "Schedulable today" is the residue of a drip-dated allotment, not a buffer — the runway above is.
- 🟢 Pinner writer (Q11): newest writer-attributed row queued 2026-09-26 10:30Z (1 h ago) · 28 inserted in 24h, 393 in 7d — "sims-4-cottage-houses"
## Long-range health

| Metric | Value | Owner |
|---|--:|---|
| Returning-visitor share 7d | 52.4% | Pip |
| Non-Pinterest share 7d (adjusted) | 14.8% (raw 33.9%) | Pip |
| Pages/session 7d | 1.51 | Sage |
| Engagement rate 7d | 69.5% | Sage |
| Favorites 7d | — | Cass |
| Download clicks 7d | — | Nova |
| New mods 7d (prior 7d) | — | Nova |
| Catalog total | — | Nova |
| Capture rate /1k sessions 7d | — | Cass |
| Creators onboarded (>=1 submission) | — | Nova |
| Creator submissions 7d | — | Nova |

## Team health

- Run success 14d: **71.4%** (owner: Ops)
- Merges 7d by owner: favicon=1, operator=4, Sage=7, Pip=7, Cass=6, Nova=9, Rio=6, Quinn=8, Ops=5, Rowan=3, PR=1 (57 total)
- Ops merge share 7d: 8.8% (cap 20%, owner: Ops)
- Paper-only merges 7d: 0 (owner: Ops)


_Generated by scripts/agents/funnel-scoreboard.ts. Sections fail independently; "unavailable" means the source, not the site._

